
Testing datachannel.webrtc-integration-test
Starting WebRTC integration test...
Java ICE Connection State: #object[dev.onvoid.webrtc.RTCIceConnectionState 0x1b09fa52 CHECKING]
Java gathered candidate: candidate:1849919641 1 udp 2122260223 192.168.0.2 51737 typ host generation 0 ufrag Bw8z network-id 1
Clojure sending STUN Request to Java at #object[java.net.InetSocketAddress 0x6ce2211 /192.168.0.2:51737]
Accepted connection from Waiting for DataChannel OPEN...
#object[java.net.InetSocketAddress 0x3558c73b /192.168.0.2:51737]
Java Connection State: #object[dev.onvoid.webrtc.RTCPeerConnectionState 0x714edc58 CONNECTING]
Received STUN packet type: 0x0101 from #object[java.net.InetSocketAddress 0x3558c73b /192.168.0.2:51737]
Received STUN Binding Request from #object[java.net.InetSocketAddress 0x3558c73b /192.168.0.2:51737]
  - USE-CANDIDATE present
  - ICE-CONTROLLING present
Sending STUN Binding Success Response to #object[java.net.InetSocketAddress 0x3558c73b /192.168.0.2:51737]
DTLS Handshake Status: #object[javax.net.ssl.SSLEngineResult$HandshakeStatus 0x7afc6165 NEED_TASK]
DTLS Handshake Status: #object[javax.net.ssl.SSLEngineResult$HandshakeStatus 0x35b5d718 NEED_WRAP]
DTLS Handshake Status: #object[javax.net.ssl.SSLEngineResult$HandshakeStatus 0x737cad90 NEED_UNWRAP]
Sending 1 DTLS handshake packets
Received STUN Binding Request from #object[java.net.InetSocketAddress 0x3558c73b /192.168.0.2:51737]
  - USE-CANDIDATE present
  - ICE-CONTROLLING present
Sending STUN Binding Success Response to #object[java.net.InetSocketAddress 0x3558c73b /192.168.0.2:51737]
DTLS Handshake Status: #object[javax.net.ssl.SSLEngineResult$HandshakeStatus 0x737cad90 NEED_UNWRAP]
DTLS Handshake Status: #object[javax.net.ssl.SSLEngineResult$HandshakeStatus 0x7afc6165 NEED_TASK]
DTLS Handshake Status: #object[javax.net.ssl.SSLEngineResult$HandshakeStatus 0x35b5d718 NEED_WRAP]
DTLS Handshake Status: #object[javax.net.ssl.SSLEngineResult$HandshakeStatus 0x35b5d718 NEED_WRAP]
DTLS Handshake Status: #object[javax.net.ssl.SSLEngineResult$HandshakeStatus 0x35b5d718 NEED_WRAP]
DTLS Handshake Status: #object[javax.net.ssl.SSLEngineResult$HandshakeStatus 0x35b5d718 NEED_WRAP]
DTLS Handshake Status: #object[javax.net.ssl.SSLEngineResult$HandshakeStatus 0x35b5d718 NEED_WRAP]
DTLS Handshake Status: #object[javax.net.ssl.SSLEngineResult$HandshakeStatus 0x737cad90 NEED_UNWRAP]
Sending 5 DTLS handshake packets
DTLS Handshake Status: #object[javax.net.ssl.SSLEngineResult$HandshakeStatus 0x737cad90 NEED_UNWRAP]
DTLS Handshake Status: #object[javax.net.ssl.SSLEngineResult$HandshakeStatus 0x737cad90 NEED_UNWRAP]
DTLS Handshake Status: #object[javax.net.ssl.SSLEngineResult$HandshakeStatus 0x737cad90 NEED_UNWRAP]
DTLS Handshake Status: #object[javax.net.ssl.SSLEngineResult$HandshakeStatus 0x737cad90 NEED_UNWRAP]
DTLS Handshake Status: #object[javax.net.ssl.SSLEngineResult$HandshakeStatus 0x737cad90 NEED_UNWRAP]
DTLS Handshake Status: #object[javax.net.ssl.SSLEngineResult$HandshakeStatus 0x7afc6165 NEED_TASK]
DTLS Handshake Status: #object[javax.net.ssl.SSLEngineResult$HandshakeStatus 0x2b29bd39 NEED_UNWRAP_AGAIN]
DTLS Handshake Status: #object[javax.net.ssl.SSLEngineResult$HandshakeStatus 0x7afc6165 NEED_TASK]
DTLS Handshake Status: #object[javax.net.ssl.SSLEngineResult$HandshakeStatus 0x2b29bd39 NEED_UNWRAP_AGAIN]
DTLS Handshake Status: #object[javax.net.ssl.SSLEngineResult$HandshakeStatus 0x7afc6165 NEED_TASK]
DTLS Handshake Status: #object[javax.net.ssl.SSLEngineResult$HandshakeStatus 0x2b29bd39 NEED_UNWRAP_AGAIN]
DTLS Handshake Status: #object[javax.net.ssl.SSLEngineResult$HandshakeStatus 0x2b29bd39 NEED_UNWRAP_AGAIN]
DTLS Handshake Status: #object[javax.net.ssl.SSLEngineResult$HandshakeStatus 0x35b5d718 NEED_WRAP]
DTLS Handshake Status: #object[javax.net.ssl.SSLEngineResult$HandshakeStatus 0x35b5d718 NEED_WRAP]
DTLS Handshake Status: #object[javax.net.ssl.SSLEngineResult$HandshakeStatus 0x35b5d718 NEED_WRAP]
DTLS Handshake Status: #object[javax.net.ssl.SSLEngineResult$HandshakeStatus 0x35b5d718 NEED_WRAP]
Sending 4 DTLS handshake packets
Java Connection State: #object[dev.onvoid.webrtc.RTCPeerConnectionState 0x6ce19a0 CONNECTED]
Java ICE Connection State: #object[dev.onvoid.webrtc.RTCIceConnectionState 0x3db17e63 CONNECTED]
Java ICE Connection State: #object[dev.onvoid.webrtc.RTCIceConnectionState 0x17dde17f COMPLETED]
Received STUN Binding Request from #object[java.net.InetSocketAddress 0x3558c73b /192.168.0.2:51737]
  - USE-CANDIDATE present
  - ICE-CONTROLLING present
Sending STUN Binding Success Response to #object[java.net.InetSocketAddress 0x3558c73b /192.168.0.2:51737]
Received SCTP INIT, tag: 2549897051
Sending SCTP INIT_ACK
Received SCTP COOKIE_ECHO
Sending SCTP COOKIE_ACK
Java DataChannel State: #object[dev.onvoid.webrtc.RTCDataChannelState 0x107653c0 OPEN]
Received DCEP message type: 3
Sending DCEP ACK for stream 0
DataChannel OPEN! Sending 'Hello from Java'...
Clojure received message: Hello from Java
Offering message to queue: Pong from clj with SSN 1
Java received message: Pong from clj
Java ICE Connection State: #object[dev.onvoid.webrtc.RTCIceConnectionState 0x66034b77 CLOSED]
Java Connection State: #object[dev.onvoid.webrtc.RTCPeerConnectionState 0x50f763b2 CLOSED]

Ran 1 tests containing 3 assertions.
0 failures, 0 errors.
{:test 1, :pass 3, :fail 0, :error 0, :type :summary}
VM attach current thread failed
Failed to attach thread 140479855143808
